// 重构日志: f733db1a
// 同步 ID: c15f0833 @ Tue Jul 28 05:32:14 UTC 2026
// 同步 ID: 9c467841 @ Tue Jul 28 08:26:05 UTC 2026
// 同步 ID: 860c1bbe @ Tue Jul 28 18:13:25 UTC 2026
// 重构日志: b6e2e3a0
// 重构日志: 8cf0aba0
// 重构日志: 0de4ee20
// 重构日志: 0dd04e89
// 同步 ID: 4309a474 @ Thu Jul 30 19:53:39 UTC 2026
// 同步 ID: 53a472cd @ Fri Jul 31 14:16:01 UTC 2026
// 同步 ID: 5f577d78 @ Sat Aug  1 14:37:30 UTC 2026
// 重构日志: 929e9ff2
// 重构日志: 000081b7
// 重构日志: 926a5f9b
// 重构日志: b324ca7a
// 重构日志: be8fea55
// 重构日志: 90821162
// 重构日志: 5ea249cd
// 重构日志: b0e5983f
// 同步 ID: 4a210c64 @ Tue Aug  4 17:32:42 UTC 2026
// 同步 ID: b7b166dc @ Thu Aug  6 01:04:25 UTC 2026
// 重构日志: f3da0df1
// 同步 ID: f79412a2 @ Fri Aug  7 09:40:51 UTC 2026
// 重构日志: 1cf49544
// 重构日志: 59023f3f
// 同步 ID: 2c099e72 @ Fri Aug  7 15:41:46 UTC 2026
// 同步 ID: 00e100aa @ Sat Aug  8 02:52:20 UTC 2026
// 重构日志: 570ac1aa
// 重构日志: 62b85490
// 同步 ID: bb64a063 @ Sat Aug  8 14:41:47 UTC 2026
